2026-02-18 10:20:01 INFO API-Gateway Request received /checkout
2026-02-18 10:20:02 INFO PaymentService Payment initiated
2026-02-18 10:30:00 INFO Deployment Version v2.1 released
2026-02-18 10:31:01 ERROR PaymentService NullPointerException
2026-02-18 10:31:05 ERROR PaymentService NullPointerException
2026-02-18 10:31:10 WARN DB Connection pool exhausted
2026-02-18 10:32:00 ERROR API-Gateway 500 Internal Server Error
2026-02-18 10:32:10 ERROR API-Gateway 500 Internal Server Error
2026-02-18T10:20:01.345Z INFO API-Gateway trace_id=abc123 request_id=req-001 user_id=U1001 method=POST path=/checkout latency=120ms status=200
2026-02-18T10:20:02.112Z INFO PaymentService trace_id=abc123 order_id=ORD-987 payment initiated amount=4999 currency=INR
2026-02-18T10:20:02.589Z INFO InventoryService trace_id=abc123 order_id=ORD-987 stock_reserved item_id=SKU-45 quantity=2
2026-02-18T10:20:03.010Z INFO DB connection_pool=main active_connections=12 idle_connections=8
2026-02-18T10:30:00.000Z INFO Deployment service=PaymentService version=v2.1 environment=production triggered_by=ci-pipeline
2026-02-18T10:31:01.221Z ERROR PaymentService trace_id=def456 order_id=ORD-991 NullPointerException at PaymentProcessor.java:87
2026-02-18T10:31:02.113Z ERROR PaymentService trace_id=ghi789 order_id=ORD-992 NullPointerException at PaymentProcessor.java:87
2026-02-18T10:31:03.902Z ERROR PaymentService trace_id=jkl012 order_id=ORD-993 NullPointerException at PaymentProcessor.java:87
2026-02-18T10:31:10.410Z WARN DB connection_pool=main active_connections=50 idle_connections=0 message="Connection pool exhausted"
2026-02-18T10:31:15.220Z ERROR API-Gateway trace_id=mno345 path=/checkout status=500 message="Upstream service unavailable"
2026-02-18T10:31:16.784Z ERROR API-Gateway trace_id=pqr678 path=/checkout status=500 message="Upstream service unavailable"
2026-02-18T10:31:18.002Z WARN PaymentService retrying request order_id=ORD-994 attempt=1
2026-02-18T10:31:18.410Z WARN PaymentService retrying request order_id=ORD-994 attempt=2
2026-02-18T10:31:19.000Z ERROR PaymentService circuit_breaker=open reason="Too many failures"
2026-02-18T10:32:00.000Z INFO Kubernetes scaling event service=PaymentService replicas=3 -> 6
2026-02-18T10:40:00.000Z INFO Deployment rollback service=PaymentService version=v2.0 triggered_by=oncall-engineer
2026-02-18T10:40:05.111Z INFO PaymentService health_check status=healthy
2026-02-18T10:40:10.550Z INFO API-Gateway path=/checkout status=200 latency=140ms